--2026-05-31 17:00:11--  https://ftp.ncbi.nlm.nih.gov/geo/series/GSE261nnn/GSE261482/suppl/GSE261482_Normalized_data.csv.gz
Resolving ftp.ncbi.nlm.nih.gov (ftp.ncbi.nlm.nih.gov)... 130.14.250.13, 130.14.250.12, 2607:f220:41e:250::11, ...
Connecting to ftp.ncbi.nlm.nih.gov (ftp.ncbi.nlm.nih.gov)|130.14.250.13|:443... connected.
HTTP request sent, awaiting response... 200 OK
Length: 35110835 (33M) [application/x-gzip]
Saving to: ‘data/expression_raw/GSE261482/GSE261482_Normalized_data.csv.gz’

     0K .......... .......... .......... .......... ..........  0% 52.7K 10m49s
    50K .......... .......... .......... .......... ..........  0% 96.1K 8m22s
   100K .......... .......... .......... .......... ..........  0% 88.3K 7m43s
   150K .......... .......... .......... .......... ..........  0%  104K 7m9s
   200K .......... .......... .......... .......... ..........  0%  112K 6m43s
   250K .......... .......... .......... .......... ..........  0%  104K 6m30s
   300K .......... .......... .......... .......... ..........  1%  121K 6m14s
   350K .......... .......... .......... .......... ..........  1%  130K 5m59s
   400K .......... .......... .......... .......... ..........  1%  200K 5m38s
   450K .......... .......... .......... .......... ..........  1%  231K 5m18s
   500K .......... .......... .......... .......... ..........  1%  144K 5m10s
   550K .......... .......... .......... .......... ..........  1%  174K 5m0s
   600K .......... .......... .......... .......... ..........  1%  301K 4m45s
   650K .......... .......... .......... .......... ..........  2%  168K 4m39s
   700K .......... .......... .......... .......... ..........  2%  476K 4m24s
   750K .......... .......... .......... .......... ..........  2%  175K 4m19s
   800K .......... .......... .......... .......... ..........  2%  772K 4m6s
   850K .......... .......... .......... .......... ..........  2%  120K 4m8s
   900K .......... .......... .......... .......... ..........  2%  182K 4m4s
   950K .......... .......... .......... .......... ..........  2%  330K 3m56s
  1000K .......... .......... .......... .......... ..........  3%  335K 3m50s
  1050K .......... .......... .......... .......... ..........  3%  517K 3m42s
  1100K .......... .......... .......... .......... ..........  3%  240K 3m38s
  1150K .......... .......... .......... .......... ..........  3%  985K 3m30s
  1200K .......... .......... .......... .......... ..........  3%  517K 3m24s
  1250K .......... .......... .......... .......... ..........  3%  562K 3m18s
  1300K .......... .......... .......... .......... ..........  3%  282K 3m14s
  1350K .......... .......... .......... .......... ..........  4% 1000K 3m8s
  1400K .......... .......... .......... .......... ..........  4%  563K 3m4s
  1450K .......... .......... .......... .......... ..........  4%  369K 3m0s
  1500K .......... .......... .......... .......... ..........  4%  428K 2m57s
  1550K .......... .......... .......... .......... ..........  4% 1.12M 2m52s
  1600K .......... .......... .......... .......... ..........  4%  437K 2m49s
  1650K .......... .......... .......... .......... ..........  4%  973K 2m44s
  1700K .......... .......... .......... .......... ..........  5%  455K 2m41s
  1750K .......... .......... .......... .......... ..........  5%  508K 2m38s
  1800K .......... .......... .......... .......... ..........  5% 1.09M 2m35s
  1850K .......... .......... .......... .......... ..........  5%  504K 2m32s
  1900K .......... .......... .......... .......... ..........  5% 1.49M 2m29s
  1950K .......... .......... .......... .......... ..........  5%  557K 2m26s
  2000K .......... .......... .......... .......... ..........  5%  378K 2m24s
  2050K .......... .......... .......... .......... ..........  6% 1.40M 2m21s
  2100K .......... .......... .......... .......... ..........  6% 1.53M 2m18s
  2150K .......... .......... .......... .......... ..........  6%  663K 2m16s
  2200K .......... .......... .......... .......... ..........  6%  676K 2m14s
  2250K .......... .......... .......... .......... ..........  6%  846K 2m11s
  2300K .......... .......... .......... .......... ..........  6%  401K 2m10s
  2350K .......... .......... .......... .......... ..........  6% 1.13M 2m8s
  2400K .......... .......... .......... .......... ..........  7% 1.15M 2m6s
  2450K .......... .......... .......... .......... ..........  7% 1.18M 2m3s
  2500K .......... .......... .......... .......... ..........  7%  981K 2m1s
  2550K .......... .......... .......... .......... ..........  7% 1.26M 1m59s
  2600K .......... .......... .......... .......... ..........  7%  632K 1m58s
  2650K .......... .......... .......... .......... ..........  7%  217K 1m58s
  2700K .......... .......... .......... .......... ..........  8% 1.13M 1m56s
  2750K .......... .......... .......... .......... ..........  8% 1008K 1m55s
  2800K .......... .......... .......... .......... ..........  8%  463K 1m54s
  2850K .......... .......... .......... .......... ..........  8%  314K 1m53s
  2900K .......... .......... .......... .......... ..........  8%  490K 1m52s
  2950K .......... .......... .......... .......... ..........  8%  849K 1m51s
  3000K .......... .......... .......... .......... ..........  8%  616K 1m50s
  3050K .......... .......... .......... .......... ..........  9%  931K 1m48s
  3100K .......... .......... .......... .......... ..........  9%  792K 1m47s
  3150K .......... .......... .......... .......... ..........  9%  854K 1m46s
  3200K .......... .......... .......... .......... ..........  9%  277K 1m46s
  3250K .......... .......... .......... .......... ..........  9% 2.14M 1m44s
  3300K .......... .......... .......... .......... ..........  9% 2.11M 1m43s
  3350K .......... .......... .......... .......... ..........  9% 1.02M 1m41s
  3400K .......... .......... .......... .......... .......... 10% 1.28M 1m40s
  3450K .......... .......... .......... .......... .......... 10%  972K 99s
  3500K .......... .......... .......... .......... .......... 10%  890K 98s
  3550K .......... .......... .......... .......... .......... 10%  865K 97s
  3600K .......... .......... .......... .......... .......... 10% 1.11M 96s
  3650K .......... .......... .......... .......... .......... 10%  932K 95s
  3700K .......... .......... .......... .......... .......... 10%  238K 95s
  3750K .......... .......... .......... .......... .......... 11%  677K 94s
  3800K .......... .......... .......... .......... .......... 11%  810K 93s
  3850K .......... .......... .......... .......... .......... 11%  178K 94s
  3900K .......... .......... .......... .......... .......... 11% 1.01M 93s
  3950K .......... .......... .......... .......... .......... 11%  187K 94s
  4000K .......... .......... .......... .......... .......... 11%  534K 93s
  4050K .......... .......... .......... .......... .......... 11%  797K 92s
  4100K .......... .......... .......... .......... .......... 12%  376K 92s
  4150K .......... .......... .......... .......... .......... 12%  922K 91s
  4200K .......... .......... .......... .......... .......... 12%  638K 91s
  4250K .......... .......... .......... .......... .......... 12%  787K 90s
  4300K .......... .......... .......... .......... .......... 12%  929K 89s
  4350K .......... .......... .......... .......... .......... 12% 1.08M 88s
  4400K .......... .......... .......... .......... .......... 12% 1.11M 87s
  4450K .......... .......... .......... .......... .......... 13%  532K 87s
  4500K .......... .......... .......... .......... .......... 13%  540K 86s
  4550K .......... .......... .......... .......... .......... 13%  583K 86s
  4600K .......... .......... .......... .......... .......... 13%  331K 86s
  4650K .......... .......... .......... .......... .......... 13% 1.05M 85s
  4700K .......... .......... .......... .......... .......... 13% 1.20M 84s
  4750K .......... .......... .......... .......... .......... 13%  802K 84s
  4800K .......... .......... .......... .......... .......... 14% 1.07M 83s
  4850K .......... .......... .......... .......... .......... 14%  405K 83s
  4900K .......... .......... .......... .......... .......... 14% 1.22M 82s
  4950K .......... .......... .......... .......... .......... 14% 1.12M 81s
  5000K .......... .......... .......... .......... .......... 14%  746K 81s
  5050K .......... .......... .......... .......... .......... 14%  397K 80s
  5100K .......... .......... .......... .......... .......... 15%  415K 80s
  5150K .......... .......... .......... .......... .......... 15%  936K 80s
  5200K .......... .......... .......... .......... .......... 15%  403K 79s
  5250K .......... .......... .......... .......... .......... 15%  520K 79s
  5300K .......... .......... .......... .......... .......... 15%  959K 78s
  5350K .......... .......... .......... .......... .......... 15%  358K 78s
  5400K .......... .......... .......... .......... .......... 15%  575K 78s
  5450K .......... .......... .......... .......... .......... 16%  192K 78s
  5500K .......... .......... .......... .......... .......... 16% 1.37M 78s
  5550K .......... .......... .......... .......... .......... 16% 1.31M 77s
  5600K .......... .......... .......... .......... .......... 16% 31.2K 84s
  5650K .......... .......... .......... .......... .......... 16% 2.57M 84s
  5700K .......... .......... .......... .......... .......... 16% 23.1K 93s
  5750K .......... .......... .......... .......... .......... 16% 5.05M 93s
  5800K .......... .......... .......... .......... .......... 17% 5.13M 92s
  5850K .......... .......... .......... .......... .......... 17% 4.36M 91s
  5900K .......... .......... .......... .......... .......... 17% 4.87M 90s
  5950K .......... .......... .......... .......... .......... 17% 4.59M 89s
  6000K .......... .......... .......... .......... .......... 17% 4.75M 88s
  6050K .......... .......... .......... .......... .......... 17% 5.17M 87s
  6100K .......... .......... .......... .......... .......... 17% 4.63M 87s
  6150K .......... .......... .......... .......... .......... 18% 4.93M 86s
  6200K .......... .......... .......... .......... .......... 18% 3.72M 85s
  6250K .......... .......... .......... .......... .......... 18% 4.88M 84s
  6300K .......... .......... .......... .......... .......... 18% 5.08M 83s
  6350K .......... .......... .......... .......... .......... 18% 4.20M 83s
  6400K .......... .......... .......... .......... .......... 18% 4.34M 82s
  6450K .......... .......... .......... .......... .......... 18% 3.09M 81s
  6500K .......... .......... .......... .......... .......... 19% 3.55M 81s
  6550K .......... .......... .......... .......... .......... 19% 4.11M 80s
  6600K .......... .......... .......... .......... .......... 19% 3.32M 79s
  6650K .......... .......... .......... .......... .......... 19% 3.28M 78s
  6700K .......... .......... .......... .......... .......... 19% 2.67M 78s
  6750K .......... .......... .......... .......... .......... 19% 3.01M 77s
  6800K .......... .......... .......... .......... .......... 19% 2.81M 77s
  6850K .......... .......... .......... .......... .......... 20% 1.82M 76s
  6900K .......... .......... .......... .......... .......... 20% 2.39M 75s
  6950K .......... .......... .......... .......... .......... 20% 2.66M 75s
  7000K .......... .......... .......... .......... .......... 20% 2.44M 74s
  7050K .......... .......... .......... .......... .......... 20% 2.98M 74s
  7100K .......... .......... .......... .......... .......... 20% 2.99M 73s
  7150K .......... .......... .......... .......... .......... 20% 2.71M 72s
  7200K .......... .......... .......... .......... .......... 21% 2.29M 72s
  7250K .......... .......... .......... .......... .......... 21% 2.47M 71s
  7300K .......... .......... .......... .......... .......... 21% 2.58M 71s
  7350K .......... .......... .......... .......... .......... 21% 2.29M 70s
  7400K .......... .......... .......... .......... .......... 21% 2.74M 70s
  7450K .......... .......... .......... .......... .......... 21% 1.99M 69s
  7500K .......... .......... .......... .......... .......... 22% 2.99M 69s
  7550K .......... .......... .......... .......... .......... 22% 3.19M 68s
  7600K .......... .......... .......... .......... .......... 22% 2.72M 68s
  7650K .......... .......... .......... .......... .......... 22% 2.93M 67s
  7700K .......... .......... .......... .......... .......... 22% 2.32M 67s
  7750K .......... .......... .......... .......... .......... 22% 3.01M 66s
  7800K .......... .......... .......... .......... .......... 22% 2.94M 66s
  7850K .......... .......... .......... .......... .......... 23%  971K 65s
  7900K .......... .......... .......... .......... .......... 23%  629K 65s
  7950K .......... .......... .......... .......... .......... 23% 1.14M 65s
  8000K .......... .......... .......... .......... .......... 23% 1.45M 64s
  8050K .......... .......... .......... .......... .......... 23% 1.39M 64s
  8100K .......... .......... .......... .......... .......... 23% 1.28M 63s
  8150K .......... .......... .......... .......... .......... 23% 1.15M 63s
  8200K .......... .......... .......... .......... .......... 24% 1.34M 63s
  8250K .......... .......... .......... .......... .......... 24% 1.42M 62s
  8300K .......... .......... .......... .......... .......... 24%  498K 62s
  8350K .......... .......... .......... .......... .......... 24% 1.45M 62s
  8400K .......... .......... .......... .......... .......... 24%  991K 61s
  8450K .......... .......... .......... .......... .......... 24% 1.11M 61s
  8500K .......... .......... .......... .......... .......... 24% 1009K 61s
  8550K .......... .......... .......... .......... .......... 25% 1.10M 60s
  8600K .......... .......... .......... .......... .......... 25%  926K 60s
  8650K .......... .......... .......... .......... .......... 25% 1.10M 60s
  8700K .......... .......... .......... .......... .......... 25%  934K 59s
  8750K .......... .......... .......... .......... .......... 25% 1.24M 59s
  8800K .......... .......... .......... .......... .......... 25% 1.16M 59s
  8850K .......... .......... .......... .......... .......... 25%  918K 58s
  8900K .......... .......... .......... .......... .......... 26%  824K 58s
  8950K .......... .......... .......... .......... .......... 26% 1.13M 58s
  9000K .......... .......... .......... .......... .......... 26%  385K 58s
  9050K .......... .......... .......... .......... .......... 26% 1.92M 57s
  9100K .......... .......... .......... .......... .......... 26% 1.72M 57s
  9150K .......... .......... .......... .......... .......... 26% 1.63M 57s
  9200K .......... .......... .......... .......... .......... 26% 1003K 56s
  9250K .......... .......... .......... .......... .......... 27% 1.62M 56s
  9300K .......... .......... .......... .......... .......... 27% 1.05M 56s
  9350K .......... .......... .......... .......... .......... 27% 1.17M 56s
  9400K .......... .......... .......... .......... .......... 27% 1.05M 55s
  9450K .......... .......... .......... .......... .......... 27%  863K 55s
  9500K .......... .......... .......... .......... .......... 27% 1.11M 55s
  9550K .......... .......... .......... .......... .......... 27% 1.18M 54s
  9600K .......... .......... .......... .......... .......... 28% 1.11M 54s
  9650K .......... .......... .......... .......... .......... 28% 1019K 54s
  9700K .......... .......... .......... .......... .......... 28%  406K 54s
  9750K .......... .......... .......... .......... .......... 28% 1.29M 54s
  9800K .......... .......... .......... .......... .......... 28% 1.26M 53s
  9850K .......... .......... .......... .......... .......... 28%  465K 53s
  9900K .......... .......... .......... .......... .......... 29%  255K 53s
  9950K .......... .......... .......... .......... .......... 29%  604K 53s
 10000K .......... .......... .......... .......... .......... 29%  805K 53s
 10050K .......... .......... .......... .......... .......... 29%  925K 53s
 10100K .......... .......... .......... .......... .......... 29% 1008K 52s
 10150K .......... .......... .......... .......... .......... 29% 1.53M 52s
 10200K .......... .......... .......... .......... .......... 29%  996K 52s
 10250K .......... .......... .......... .......... .......... 30% 1.08M 52s
 10300K .......... .......... .......... .......... .......... 30% 1.20M 51s
 10350K .......... .......... .......... .......... .......... 30% 1.29M 51s
 10400K .......... .......... .......... .......... .......... 30% 1.49M 51s
 10450K .......... .......... .......... .......... .......... 30%  887K 51s
 10500K .......... .......... .......... .......... .......... 30%  540K 50s
 10550K .......... .......... .......... .......... .......... 30% 1.12M 50s
 10600K .......... .......... .......... .......... .......... 31% 1.08M 50s
 10650K .......... .......... .......... .......... .......... 31% 1.40M 50s
 10700K .......... .......... .......... .......... .......... 31% 1.23M 49s
 10750K .......... .......... .......... .......... .......... 31% 1.32M 49s
 10800K .......... .......... .......... .......... .......... 31% 1.40M 49s
 10850K .......... .......... .......... .......... .......... 31% 1.19M 49s
 10900K .......... .......... .......... .......... .......... 31%  450K 49s
 10950K .......... .......... .......... .......... .......... 32% 1.17M 48s
 11000K .......... .......... .......... .......... .......... 32% 1.35M 48s
 11050K .......... .......... .......... .......... .......... 32% 1.34M 48s
 11100K .......... .......... .......... .......... .......... 32% 1.15M 48s
 11150K .......... .......... .......... .......... .......... 32% 1.32M 47s
 11200K .......... .......... .......... .......... .......... 32% 1.12M 47s
 11250K .......... .......... .......... .......... .......... 32% 1.28M 47s
 11300K .......... .......... .......... .......... .......... 33% 1.03M 47s
 11350K .......... .......... .......... .......... .......... 33%  986K 47s
 11400K .......... .......... .......... .......... .......... 33% 1.08M 46s
 11450K .......... .......... .......... .......... .......... 33% 1.04M 46s
 11500K .......... .......... .......... .......... .......... 33% 1.05M 46s
 11550K .......... .......... .......... .......... .......... 33% 1.11M 46s
 11600K .......... .......... .......... .......... .......... 33% 1.09M 45s
 11650K .......... .......... .......... .......... .......... 34%  515K 45s
 11700K .......... .......... .......... .......... .......... 34% 1.04M 45s
 11750K .......... .......... .......... .......... .......... 34% 1.15M 45s
 11800K .......... .......... .......... .......... .......... 34% 1.19M 45s
 11850K .......... .......... .......... .......... .......... 34% 1.01M 45s
 11900K .......... .......... .......... .......... .......... 34% 1.17M 44s
 11950K .......... .......... .......... .......... .......... 34% 1016K 44s
 12000K .......... .......... .......... .......... .......... 35% 1.15M 44s
 12050K .......... .......... .......... .......... .......... 35% 1.15M 44s
 12100K .......... .......... .......... .......... .......... 35% 1001K 44s
 12150K .......... .......... .......... .......... .......... 35% 1.13M 43s
 12200K .......... .......... .......... .......... .......... 35%  985K 43s
 12250K .......... .......... .......... .......... .......... 35% 1.12M 43s
 12300K .......... .......... .......... .......... .......... 36% 1.11M 43s
 12350K .......... .......... .......... .......... .......... 36%  959K 43s
 12400K .......... .......... .......... .......... .......... 36%  443K 43s
 12450K .......... .......... .......... .......... .......... 36%  984K 42s
 12500K .......... .......... .......... .......... .......... 36% 1.07M 42s
 12550K .......... .......... .......... .......... .......... 36% 1.07M 42s
 12600K .......... .......... .......... .......... .......... 36%  932K 42s
 12650K .......... .......... .......... .......... .......... 37% 1.05M 42s
 12700K .......... .......... .......... .......... .......... 37%  905K 41s
 12750K .......... .......... .......... .......... .......... 37% 1.06M 41s
 12800K .......... .......... .......... .......... .......... 37% 1.03M 41s
 12850K .......... .......... .......... .......... .......... 37%  898K 41s
 12900K .......... .......... .......... .......... .......... 37% 1.02M 41s
 12950K .......... .......... .......... .......... .......... 37%  895K 41s
 13000K .......... .......... .......... .......... .......... 38% 1.00M 40s
 13050K .......... .......... .......... .......... .......... 38% 1.00M 40s
 13100K .......... .......... .......... .......... .......... 38%  874K 40s
 13150K .......... .......... .......... .......... .......... 38% 1008K 40s
 13200K .......... .......... .......... .......... .......... 38%  859K 40s
 13250K .......... .......... .......... .......... .......... 38% 1001K 40s
 13300K .......... .......... .......... .......... .......... 38%  999K 39s
 13350K .......... .......... .......... .......... .......... 39%  842K 39s
 13400K .......... .......... .......... .......... .......... 39%  981K 39s
 13450K .......... .......... .......... .......... .......... 39%  837K 39s
 13500K .......... .......... .......... .......... .......... 39%  623K 39s
 13550K .......... .......... .......... .......... .......... 39%  227K 39s
 13600K .......... .......... .......... .......... .......... 39%  220K 39s
 13650K .......... .......... .......... .......... .......... 39%  910K 39s
 13700K .......... .......... .......... .......... .......... 40%  439K 39s
 13750K .......... .......... .......... .......... .......... 40%  973K 39s
 13800K .......... .......... .......... .......... .......... 40%  935K 39s
 13850K .......... .......... .......... .......... .......... 40%  798K 38s
 13900K .......... .......... .......... .......... .......... 40%  925K 38s
 13950K .......... .......... .......... .......... .......... 40%  792K 38s
 14000K .......... .......... .......... .......... .......... 40%  911K 38s
 14050K .......... .......... .......... .......... .......... 41%  908K 38s
 14100K .......... .......... .......... .......... .......... 41%  774K 38s
 14150K .......... .......... .......... .......... .......... 41%  902K 38s
 14200K .......... .......... .......... .......... .......... 41%  765K 37s
 14250K .......... .......... .......... .......... .......... 41%  891K 37s
 14300K .......... .......... .......... .......... .......... 41%  879K 37s
 14350K .......... .......... .......... .......... .......... 41%  753K 37s
 14400K .......... .......... .......... .......... .......... 42%  873K 37s
 14450K .......... .......... .......... .......... .......... 42%  749K 37s
 14500K .......... .......... .......... .......... .......... 42%  862K 37s
 14550K .......... .......... .......... .......... .......... 42%  854K 36s
 14600K .......... .......... .......... .......... .......... 42%  736K 36s
 14650K .......... .......... .......... .......... .......... 42%  851K 36s
 14700K .......... .......... .......... .......... .......... 43%  723K 36s
 14750K .......... .......... .......... .......... .......... 43%  844K 36s
 14800K .......... .......... .......... .......... .......... 43%  839K 36s
 14850K .......... .......... .......... .......... .......... 43%  714K 36s
 14900K .......... .......... .......... .......... .......... 43%  831K 36s
 14950K .......... .......... .......... .......... .......... 43%  708K 35s
 15000K .......... .......... .......... .......... .......... 43%  820K 35s
 15050K .......... .......... .......... .......... .......... 44%  817K 35s
 15100K .......... .......... .......... .......... .......... 44%  698K 35s
 15150K .......... .......... .......... .......... .......... 44%  807K 35s
 15200K .......... .......... .......... .......... .......... 44%  688K 35s
 15250K .......... .......... .......... .......... .......... 44%  799K 35s
 15300K .......... .......... .......... .......... .......... 44%  802K 35s
 15350K .......... .......... .......... .......... .......... 44%  350K 35s
 15400K .......... .......... .......... .......... .......... 45%  234K 35s
 15450K .......... .......... .......... .......... .......... 45% 36.8K 36s
 15500K .......... .......... .......... .......... .......... 45%  811K 36s
 15550K .......... .......... .......... .......... .......... 45%  776K 36s
 15600K .......... .......... .......... .......... .......... 45%  663K 36s
 15650K .......... .......... .......... .......... .......... 45%  772K 35s
 15700K .......... .......... .......... .......... .......... 45%  656K 35s
 15750K .......... .......... .......... .......... .......... 46%  763K 35s
 15800K .......... .......... .......... .......... .......... 46%  759K 35s
 15850K .......... .......... .......... .......... .......... 46%  646K 35s
 15900K .......... .......... .......... .......... .......... 46%  750K 35s
 15950K .......... .......... .......... .......... .......... 46%  644K 35s
 16000K .......... .......... .......... .......... .......... 46%  742K 35s
 16050K .......... .......... .......... .......... .......... 46%  742K 34s
 16100K .......... .......... .......... .......... .......... 47%  635K 34s
 16150K .......... .......... .......... .......... .......... 47%  734K 34s
 16200K .......... .......... .......... .......... .......... 47%  627K 34s
 16250K .......... .......... .......... .......... .......... 47%  730K 34s
 16300K .......... .......... .......... .......... .......... 47%  725K 34s
 16350K .......... .......... .......... .......... .......... 47%  617K 34s
 16400K .......... .......... .......... .......... .......... 47%  719K 34s
 16450K .......... .......... .......... .......... .......... 48%  615K 34s
 16500K .......... .......... .......... .......... .......... 48%  707K 33s
 16550K .......... .......... .......... .......... .......... 48%  709K 33s
 16600K .......... .......... .......... .......... .......... 48%  602K 33s
 16650K .......... .......... .......... .......... .......... 48%  705K 33s
 16700K .......... .......... .......... .......... .......... 48%  599K 33s
 16750K .......... .......... .......... .......... .......... 48%  697K 33s
 16800K .......... .......... .......... .......... .......... 49%  694K 33s
 16850K .......... .......... .......... .......... .......... 49%  590K 33s
 16900K .......... .......... .......... .......... .......... 49%  686K 33s
 16950K .......... .......... .......... .......... .......... 49%  505K 32s
 17000K .......... .......... .......... .......... .......... 49%  156K 33s
 17050K .......... .......... .......... .......... .......... 49% 30.3K 34s
 17100K .......... .......... .......... .......... .......... 50%  379K 34s
 17150K .......... .......... .......... .......... .......... 50%  673K 34s
 17200K .......... .......... .......... .......... .......... 50%  571K 34s
 17250K .......... .......... .......... .......... .......... 50%  668K 34s
 17300K .......... .......... .......... .......... .......... 50%  665K 34s
 17350K .......... .......... .......... .......... .......... 50%  566K 33s
 17400K .......... .......... .......... .......... .......... 50%  659K 33s
 17450K .......... .......... .......... .......... .......... 51%  564K 33s
 17500K .......... .......... .......... .......... .......... 51%  651K 33s
 17550K .......... .......... .......... .......... .......... 51%  653K 33s
 17600K .......... .......... .......... .......... .......... 51%  556K 33s
 17650K .......... .......... .......... .......... .......... 51%  645K 33s
 17700K .......... .......... .......... .......... .......... 51%  551K 33s
 17750K .......... .......... .......... .......... .......... 51%  640K 32s
 17800K .......... .......... .......... .......... .......... 52%  639K 32s
 17850K .......... .......... .......... .......... .......... 52%  543K 32s
 17900K .......... .......... .......... .......... .......... 52%  634K 32s
 17950K .......... .......... .......... .......... .......... 52%  541K 32s
 18000K .......... .......... .......... .......... .......... 52%  625K 32s
 18050K .......... .......... .......... .......... .......... 52%  626K 32s
 18100K .......... .......... .......... .......... .......... 52%  512K 32s
 18150K .......... .......... .......... .......... .......... 53%  620K 32s
 18200K .......... .......... .......... .......... .......... 53%  424K 32s
 18250K .......... .......... .......... .......... .......... 53%  615K 31s
 18300K .......... .......... .......... .......... .......... 53%  615K 31s
 18350K .......... .......... .......... .......... .......... 53%  522K 31s
 18400K .......... .......... .......... .......... .......... 53%  610K 31s
 18450K .......... .......... .......... .......... .......... 53%  520K 31s
 18500K .......... .......... .......... .......... .......... 54%  603K 31s
 18550K .......... .......... .......... .......... .......... 54%  601K 31s
 18600K .......... .......... .......... .......... .......... 54%  515K 31s
 18650K .......... .......... .......... .......... .......... 54%  590K 31s
 18700K .......... .......... .......... .......... .......... 54%  510K 30s
 18750K .......... .......... .......... .......... .......... 54%  594K 30s
 18800K .......... .......... .......... .......... .......... 54%  590K 30s
 18850K .......... .......... .......... .......... .......... 55%  503K 30s
 18900K .......... .......... .......... .......... .......... 55%  581K 30s
 18950K .......... .......... .......... .......... .......... 55%  504K 30s
 19000K .......... .......... .......... .......... .......... 55%  581K 30s
 19050K .......... .......... .......... .......... .......... 55%  580K 30s
 19100K .......... .......... .......... .......... .......... 55%  496K 30s
 19150K .......... .......... .......... .......... .......... 55%  574K 30s
 19200K .......... .......... .......... .......... .......... 56%  492K 29s
 19250K .......... .......... .......... .......... .......... 56%  569K 29s
 19300K .......... .......... .......... .......... .......... 56%  573K 29s
 19350K .......... .......... .......... .......... .......... 56%  485K 29s
 19400K .......... .......... .......... .......... .......... 56%  565K 29s
 19450K .......... .......... .......... .......... .......... 56%  426K 29s
 19500K .......... .......... .......... .......... .......... 57%  231K 29s
 19550K .......... .......... .......... .......... .......... 57%  278K 29s
 19600K .......... .......... .......... .......... .......... 57%  462K 29s
 19650K .......... .......... .......... .......... .......... 57%  557K 29s
 19700K .......... .......... .......... .......... .......... 57%  418K 29s
 19750K .......... .......... .......... .......... .......... 57%  548K 28s
 19800K .......... .......... .......... .......... .......... 57%  549K 28s
 19850K .......... .......... .......... .......... .......... 58%  470K 28s
 19900K .......... .......... .......... .......... .......... 58%  547K 28s
 19950K .......... .......... .......... .......... .......... 58%  467K 28s
 20000K .......... .......... .......... .......... .......... 58%  542K 28s
 20050K .......... .......... .......... .......... .......... 58%  541K 28s
 20100K .......... .......... .......... .......... .......... 58%  462K 28s
 20150K .......... .......... .......... .......... .......... 58%  534K 28s
 20200K .......... .......... .......... .......... .......... 59%  459K 28s
 20250K .......... .......... .......... .......... .......... 59%  536K 28s
 20300K .......... .......... .......... .......... .......... 59%  532K 27s
 20350K .......... .......... .......... .......... .......... 59%  454K 27s
 20400K .......... .......... .......... .......... .......... 59%  528K 27s
 20450K .......... .......... .......... .......... .......... 59%  451K 27s
 20500K .......... .......... .......... .......... .......... 59%  526K 27s
 20550K .......... .......... .......... .......... .......... 60%  523K 27s
 20600K .......... .......... .......... .......... .......... 60% 1.11M 27s
 20650K .......... .......... .......... .......... .......... 60% 5.36M 27s
 20700K .......... .......... .......... .......... .......... 60% 4.64M 26s
 20750K .......... .......... .......... .......... .......... 60% 5.82M 26s
 20800K .......... .......... .......... .......... .......... 60% 5.21M 26s
 20850K .......... .......... .......... .......... .......... 60% 4.62M 26s
 20900K .......... .......... .......... .......... .......... 61% 4.89M 26s
 20950K .......... .......... .......... .......... .......... 61% 4.34M 26s
 21000K .......... .......... .......... .......... .......... 61% 5.18M 26s
 21050K .......... .......... .......... .......... .......... 61% 5.14M 25s
 21100K .......... .......... .......... .......... .......... 61% 4.76M 25s
 21150K .......... .......... .......... .......... .......... 61% 5.13M 25s
 21200K .......... .......... .......... .......... .......... 61% 4.44M 25s
 21250K .......... .......... .......... .......... .......... 62% 5.46M 25s
 21300K .......... .......... .......... .......... .......... 62% 5.43M 25s
 21350K .......... .......... .......... .......... .......... 62% 4.24M 25s
 21400K .......... .......... .......... .......... .......... 62% 5.35M 24s
 21450K .......... .......... .......... .......... .......... 62% 4.34M 24s
 21500K .......... .......... .......... .......... .......... 62% 4.80M 24s
 21550K .......... .......... .......... .......... .......... 62% 3.93M 24s
 21600K .......... .......... .......... .......... .......... 63% 4.09M 24s
 21650K .......... .......... .......... .......... .......... 63% 4.62M 24s
 21700K .......... .......... .......... .......... .......... 63% 3.79M 24s
 21750K .......... .......... .......... .......... .......... 63% 4.30M 23s
 21800K .......... .......... .......... .......... .......... 63% 1.05M 23s
 21850K .......... .......... .......... .......... .......... 63%  311K 23s
 21900K .......... .......... .......... .......... .......... 64% 1.10M 23s
 21950K .......... .......... .......... .......... .......... 64%  508K 23s
 22000K .......... .......... .......... .......... .......... 64%  735K 23s
 22050K .......... .......... .......... .......... .......... 64%  792K 23s
 22100K .......... .......... .......... .......... .......... 64%  848K 23s
 22150K .......... .......... .......... .......... .......... 64%  429K 23s
 22200K .......... .......... .......... .......... .......... 64%  425K 23s
 22250K .......... .......... .......... .......... .......... 65% 1.18M 22s
 22300K .......... .......... .......... .......... .......... 65%  615K 22s
 22350K .......... .......... .......... .......... .......... 65%  542K 22s
 22400K .......... .......... .......... .......... .......... 65%  761K 22s
 22450K .......... .......... .......... .......... .......... 65%  626K 22s
 22500K .......... .......... .......... .......... .......... 65%  580K 22s
 22550K .......... .......... .......... .......... .......... 65% 3.02M 22s
 22600K .......... .......... .......... .......... .......... 66% 1.66M 22s
 22650K .......... .......... .......... .......... .......... 66%  475K 22s
 22700K .......... .......... .......... .......... .......... 66% 1.07M 21s
 22750K .......... .......... .......... .......... .......... 66% 2.82M 21s
 22800K .......... .......... .......... .......... .......... 66% 1.50M 21s
 22850K .......... .......... .......... .......... .......... 66% 1.05M 21s
 22900K .......... .......... .......... .......... .......... 66% 1.45M 21s
 22950K .......... .......... .......... .......... .......... 67%  844K 21s
 23000K .......... .......... .......... .......... .......... 67% 1.46M 21s
 23050K .......... .......... .......... .......... .......... 67% 1.45M 21s
 23100K .......... .......... .......... .......... .......... 67%  463K 20s
 23150K .......... .......... .......... .......... .......... 67% 1.58M 20s
 23200K .......... .......... .......... .......... .......... 67% 1.35M 20s
 23250K .......... .......... .......... .......... .......... 67% 1.64M 20s
 23300K .......... .......... .......... .......... .......... 68% 1.24M 20s
 23350K .......... .......... .......... .......... .......... 68% 1.22M 20s
 23400K .......... .......... .......... .......... .......... 68%  495K 20s
 23450K .......... .......... .......... .......... .......... 68% 1.21M 20s
 23500K .......... .......... .......... .......... .......... 68%  762K 20s
 23550K .......... .......... .......... .......... .......... 68%  794K 19s
 23600K .......... .......... .......... .......... .......... 68%  882K 19s
 23650K .......... .......... .......... .......... .......... 69%  843K 19s
 23700K .......... .......... .......... .......... .......... 69%  624K 19s
 23750K .......... .......... .......... .......... .......... 69%  469K 19s
 23800K .......... .......... .......... .......... .......... 69%  572K 19s
 23850K .......... .......... .......... .......... .......... 69%  378K 19s
 23900K .......... .......... .......... .......... .......... 69% 1.27M 19s
 23950K .......... .......... .......... .......... .......... 69% 1.05M 19s
 24000K .......... .......... .......... .......... .......... 70% 1.28M 19s
 24050K .......... .......... .......... .......... .......... 70% 1.29M 18s
 24100K .......... .......... .......... .......... .......... 70%  960K 18s
 24150K .......... .......... .......... .......... .......... 70% 1.88M 18s
 24200K .......... .......... .......... .......... .......... 70% 1.09M 18s
 24250K .......... .......... .......... .......... .......... 70% 1.39M 18s
 24300K .......... .......... .......... .......... .......... 71% 1.38M 18s
 24350K .......... .......... .......... .......... .......... 71%  994K 18s
 24400K .......... .......... .......... .......... .......... 71% 1020K 18s
 24450K .......... .......... .......... .......... .......... 71%  903K 18s
 24500K .......... .......... .......... .......... .......... 71%  882K 18s
 24550K .......... .......... .......... .......... .......... 71% 1.03M 17s
 24600K .......... .......... .......... .......... .......... 71%  162K 17s
 24650K .......... .......... .......... .......... .......... 72%  761K 17s
 24700K .......... .......... .......... .......... .......... 72%  597K 17s
 24750K .......... .......... .......... .......... .......... 72% 1.05M 17s
 24800K .......... .......... .......... .......... .......... 72% 1.17M 17s
 24850K .......... .......... .......... .......... .......... 72% 1.19M 17s
 24900K .......... .......... .......... .......... .......... 72% 1.24M 17s
 24950K .......... .......... .......... .......... .......... 72% 1.30M 17s
 25000K .......... .......... .......... .......... .......... 73% 1.55M 17s
 25050K .......... .......... .......... .......... .......... 73%  398K 16s
 25100K .......... .......... .......... .......... .......... 73% 1.32M 16s
 25150K .......... .......... .......... .......... .......... 73% 1.17M 16s
 25200K .......... .......... .......... .......... .......... 73%  775K 16s
 25250K .......... .......... .......... .......... .......... 73% 1.00M 16s
 25300K .......... .......... .......... .......... .......... 73% 1.21M 16s
 25350K .......... .......... .......... .......... .......... 74% 1.06M 16s
 25400K .......... .......... .......... .......... .......... 74%  967K 16s
 25450K .......... .......... .......... .......... .......... 74%  481K 16s
 25500K .......... .......... .......... .......... .......... 74% 1.41M 16s
 25550K .......... .......... .......... .......... .......... 74% 1.41M 15s
 25600K .......... .......... .......... .......... .......... 74% 1.20M 15s
 25650K .......... .......... .......... .......... .......... 74% 1.38M 15s
 25700K .......... .......... .......... .......... .......... 75% 1.17M 15s
 25750K .......... .......... .......... .......... .......... 75% 1.23M 15s
 25800K .......... .......... .......... .......... .......... 75% 1.35M 15s
 25850K .......... .......... .......... .......... .......... 75% 1.13M 15s
 25900K .......... .......... .......... .......... .......... 75% 1.33M 15s
 25950K .......... .......... .......... .......... .......... 75%  193K 15s
 26000K .......... .......... .......... .......... .......... 75%  117K 15s
 26050K .......... .......... .......... .......... .......... 76%  702K 15s
 26100K .......... .......... .......... .......... .......... 76%  335K 15s
 26150K .......... .......... .......... .......... .......... 76%  145K 15s
 26200K .......... .......... .......... .......... .......... 76% 28.4K 15s
 26250K .......... .......... .......... .......... .......... 76% 38.8K 15s
 26300K .......... .......... .......... .......... .......... 76%  845K 15s
 26350K .......... .......... .......... .......... .......... 76% 3.27M 15s
 26400K .......... .......... .......... .......... .......... 77% 3.71M 15s
 26450K .......... .......... .......... .......... .......... 77% 1.06M 15s
 26500K .......... .......... .......... .......... .......... 77% 1.40M 15s
 26550K .......... .......... .......... .......... .......... 77% 3.72M 15s
 26600K .......... .......... .......... .......... .......... 77% 3.11M 14s
 26650K .......... .......... .......... .......... .......... 77% 3.49M 14s
 26700K .......... .......... .......... .......... .......... 78% 2.93M 14s
 26750K .......... .......... .......... .......... .......... 78% 3.39M 14s
 26800K .......... .......... .......... .......... .......... 78% 3.26M 14s
 26850K .......... .......... .......... .......... .......... 78% 2.72M 14s
 26900K .......... .......... .......... .......... .......... 78% 3.17M 14s
 26950K .......... .......... .......... .......... .......... 78% 2.68M 14s
 27000K .......... .......... .......... .......... .......... 78% 2.99M 13s
 27050K .......... .......... .......... .......... .......... 79%  213K 13s
 27100K .......... .......... .......... .......... .......... 79%  574K 13s
 27150K .......... .......... .......... .......... .......... 79%  878K 13s
 27200K .......... .......... .......... .......... .......... 79%  407K 13s
 27250K .......... .......... .......... .......... .......... 79%  344K 13s
 27300K .......... .......... .......... .......... .......... 79%  953K 13s
 27350K .......... .......... .......... .......... .......... 79%  306K 13s
 27400K .......... .......... .......... .......... .......... 80%  625K 13s
 27450K .......... .......... .......... .......... .......... 80%  569K 13s
 27500K .......... .......... .......... .......... .......... 80%  520K 13s
 27550K .......... .......... .......... .......... .......... 80%  231K 13s
 27600K .......... .......... .......... .......... .......... 80%  252K 12s
 27650K .......... .......... .......... .......... .......... 80%  178K 12s
 27700K .......... .......... .......... .......... .......... 80%  140K 12s
 27750K .......... .......... .......... .......... .......... 81%  410K 12s
 27800K .......... .......... .......... .......... .......... 81%  682K 12s
 27850K .......... .......... .......... .......... .......... 81%  636K 12s
 27900K .......... .......... .......... .......... .......... 81%  267K 12s
 27950K .......... .......... .......... .......... .......... 81%  181K 12s
 28000K .......... .......... .......... .......... .......... 81%  680K 12s
 28050K .......... .......... .......... .......... .......... 81%  949K 12s
 28100K .......... .......... .......... .......... .......... 82% 1.24M 12s
 28150K .......... .......... .......... .......... .......... 82%  292K 12s
 28200K .......... .......... .......... .......... .......... 82% 1.11M 11s
 28250K .......... .......... .......... .......... .......... 82%  454K 11s
 28300K .......... .......... .......... .......... .......... 82%  309K 11s
 28350K .......... .......... .......... .......... .......... 82%  429K 11s
 28400K .......... .......... .......... .......... .......... 82%  842K 11s
 28450K .......... .......... .......... .......... .......... 83%  354K 11s
 28500K .......... .......... .......... .......... .......... 83%  373K 11s
 28550K .......... .......... .......... .......... .......... 83% 1.11M 11s
 28600K .......... .......... .......... .......... .......... 83%  556K 11s
 28650K .......... .......... .......... .......... .......... 83%  196K 11s
 28700K .......... .......... .......... .......... .......... 83%  916K 11s
 28750K .......... .......... .......... .......... .......... 83% 1.10M 10s
 28800K .......... .......... .......... .......... .......... 84% 1.32M 10s
 28850K .......... .......... .......... .......... .......... 84%  902K 10s
 28900K .......... .......... .......... .......... .......... 84% 1.03M 10s
 28950K .......... .......... .......... .......... .......... 84%  705K 10s
 29000K .......... .......... .......... .......... .......... 84%  617K 10s
 29050K .......... .......... .......... .......... .......... 84%  948K 10s
 29100K .......... .......... .......... .......... .......... 85%  269K 10s
 29150K .......... .......... .......... .......... .......... 85% 1.60M 10s
 29200K .......... .......... .......... .......... .......... 85%  408K 10s
 29250K .......... .......... .......... .......... .......... 85%  702K 9s
 29300K .......... .......... .......... .......... .......... 85% 1.10M 9s
 29350K .......... .......... .......... .......... .......... 85%  575K 9s
 29400K .......... .......... .......... .......... .......... 85%  724K 9s
 29450K .......... .......... .......... .......... .......... 86%  549K 9s
 29500K .......... .......... .......... .......... .......... 86%  298K 9s
 29550K .......... .......... .......... .......... .......... 86%  487K 9s
 29600K .......... .......... .......... .......... .......... 86%  420K 9s
 29650K .......... .......... .......... .......... .......... 86%  358K 9s
 29700K .......... .......... .......... .......... .......... 86% 1019K 9s
 29750K .......... .......... .......... .......... .......... 86% 1.26M 9s
 29800K .......... .......... .......... .......... .......... 87% 1.48M 8s
 29850K .......... .......... .......... .......... .......... 87% 1.75M 8s
 29900K .......... .......... .......... .......... .......... 87% 1.46M 8s
 29950K .......... .......... .......... .......... .......... 87%  336K 8s
 30000K .......... .......... .......... .......... .......... 87%  923K 8s
 30050K .......... .......... .......... .......... .......... 87%  986K 8s
 30100K .......... .......... .......... .......... .......... 87%  973K 8s
 30150K .......... .......... .......... .......... .......... 88% 1.53M 8s
 30200K .......... .......... .......... .......... .......... 88% 1.08M 8s
 30250K .......... .......... .......... .......... .......... 88%  824K 8s
 30300K .......... .......... .......... .......... .......... 88%  530K 7s
 30350K .......... .......... .......... .......... .......... 88% 1.15M 7s
 30400K .......... .......... .......... .......... .......... 88%  272K 7s
 30450K .......... .......... .......... .......... .......... 88%  153K 7s
 30500K .......... .......... .......... .......... .......... 89%  913K 7s
 30550K .......... .......... .......... .......... .......... 89% 1.22M 7s
 30600K .......... .......... .......... .......... .......... 89% 1.45M 7s
 30650K .......... .......... .......... .......... .......... 89% 1.56M 7s
 30700K .......... .......... .......... .......... .......... 89% 1.42M 7s
 30750K .......... .......... .......... .......... .......... 89% 2.11M 7s
 30800K .......... .......... .......... .......... .......... 89%  252K 6s
 30850K .......... .......... .......... .......... .......... 90%  642K 6s
 30900K .......... .......... .......... .......... .......... 90%  753K 6s
 30950K .......... .......... .......... .......... .......... 90%  308K 6s
 31000K .......... .......... .......... .......... .......... 90%  328K 6s
 31050K .......... .......... .......... .......... .......... 90%  581K 6s
 31100K .......... .......... .......... .......... .......... 90%  445K 6s
 31150K .......... .......... .......... .......... .......... 90%  526K 6s
 31200K .......... .......... .......... .......... .......... 91% 1.01M 6s
 31250K .......... .......... .......... .......... .......... 91%  452K 6s
 31300K .......... .......... .......... .......... .......... 91% 1.16M 6s
 31350K .......... .......... .......... .......... .......... 91% 1.04M 5s
 31400K .......... .......... .......... .......... .......... 91% 1.16M 5s
 31450K .......... .......... .......... .......... .......... 91%  714K 5s
 31500K .......... .......... .......... .......... .......... 92% 1.02M 5s
 31550K .......... .......... .......... .......... .......... 92% 1.37M 5s
 31600K .......... .......... .......... .......... .......... 92%  231K 5s
 31650K .......... .......... .......... .......... .......... 92% 1.93M 5s
 31700K .......... .......... .......... .......... .......... 92%  734K 5s
 31750K .......... .......... .......... .......... .......... 92%  856K 5s
 31800K .......... .......... .......... .......... .......... 92%  423K 5s
 31850K .......... .......... .......... .......... .......... 93%  693K 4s
 31900K .......... .......... .......... .......... .......... 93%  936K 4s
 31950K .......... .......... .......... .......... .......... 93%  353K 4s
 32000K .......... .......... .......... .......... .......... 93%  222K 4s
 32050K .......... .......... .......... .......... .......... 93%  905K 4s
 32100K .......... .......... .......... .......... .......... 93%  724K 4s
 32150K .......... .......... .......... .......... .......... 93%  337K 4s
 32200K .......... .......... .......... .......... .......... 94%  148K 4s
 32250K .......... .......... .......... .......... .......... 94% 1016K 4s
 32300K .......... .......... .......... .......... .......... 94%  665K 4s
 32350K .......... .......... .......... .......... .......... 94%  230K 4s
 32400K .......... .......... .......... .......... .......... 94%  923K 3s
 32450K .......... .......... .......... .......... .......... 94%  312K 3s
 32500K .......... .......... .......... .......... .......... 94%  154K 3s
 32550K .......... .......... .......... .......... .......... 95%  177K 3s
 32600K .......... .......... .......... .......... .......... 95% 25.4K 3s
 32650K .......... .......... .......... .......... .......... 95% 10.8K 3s
 32700K .......... .......... .......... .......... .......... 95% 4.55M 3s
 32750K .......... .......... .......... .......... .......... 95% 5.58M 3s
 32800K .......... .......... .......... .......... .......... 95% 5.49M 3s
 32850K .......... .......... .......... .......... .......... 95% 4.23M 3s
 32900K .......... .......... .......... .......... .......... 96% 5.23M 3s
 32950K .......... .......... .......... .......... .......... 96% 4.62M 3s
 33000K .......... .......... .......... .......... .......... 96% 5.12M 3s
 33050K .......... .......... .......... .......... .......... 96% 5.22M 2s
 33100K .......... .......... .......... .......... .......... 96% 4.81M 2s
 33150K .......... .......... .......... .......... .......... 96% 4.76M 2s
 33200K .......... .......... .......... .......... .......... 96%  281K 2s
 33250K .......... .......... .......... .......... .......... 97%  382K 2s
 33300K .......... .......... .......... .......... .......... 97% 1.82M 2s
 33350K .......... .......... .......... .......... .......... 97%  590K 2s
 33400K .......... .......... .......... .......... .......... 97%  869K 2s
 33450K .......... .......... .......... .......... .......... 97% 2.01M 2s
 33500K .......... .......... .......... .......... .......... 97%  557K 2s
 33550K .......... .......... .......... .......... .......... 97%  373K 1s
 33600K .......... .......... .......... .......... .......... 98%  323K 1s
 33650K .......... .......... .......... .......... .......... 98%  623K 1s
 33700K .......... .......... .......... .......... .......... 98%  876K 1s
 33750K .......... .......... .......... .......... .......... 98%  548K 1s
 33800K .......... .......... .......... .......... .......... 98% 1.98M 1s
 33850K .......... .......... .......... .......... .......... 98% 1.15M 1s
 33900K .......... .......... .......... .......... .......... 99%  227K 1s
 33950K .......... .......... .......... .......... .......... 99%  328K 1s
 34000K .......... .......... .......... .......... .......... 99%  989K 0s
 34050K .......... .......... .......... .......... .......... 99%  964K 0s
 34100K .......... .......... .......... .......... .......... 99%  959K 0s
 34150K .......... .......... .......... .......... .......... 99%  477K 0s
 34200K .......... .......... .......... .......... .......... 99%  837K 0s
 34250K .......... .......... .......... .......              100% 1.48M=71s

2026-05-31 17:01:19 (485 KB/s) - ‘data/expression_raw/GSE261482/GSE261482_Normalized_data.csv.gz’ saved [35110835/35110835]

