--2026-05-31 16:59:35--  https://ftp.ncbi.nlm.nih.gov/geo/series/GSE261nnn/GSE261482/suppl/GSE261482_Counts_raw_data.csv.gz
Resolving ftp.ncbi.nlm.nih.gov (ftp.ncbi.nlm.nih.gov)... 130.14.250.12, 130.14.250.13, 2607:f220:41e:250::7, ...
Connecting to ftp.ncbi.nlm.nih.gov (ftp.ncbi.nlm.nih.gov)|130.14.250.12|:443... connected.
HTTP request sent, awaiting response... 200 OK
Length: 7078905 (6.8M) [application/x-gzip]
Saving to: ‘data/expression_raw/GSE261482/GSE261482_Counts_raw_data.csv.gz’

     0K .......... .......... .......... .......... ..........  0% 56.5K 2m1s
    50K .......... .......... .......... .......... ..........  1% 82.2K 1m42s
   100K .......... .......... .......... .......... ..........  2% 93.2K 91s
   150K .......... .......... .......... .......... ..........  2%  102K 84s
   200K .......... .......... .......... .......... ..........  3%  124K 78s
   250K .......... .......... .......... .......... ..........  4%  110K 74s
   300K .......... .......... .......... .......... ..........  5%  130K 71s
   350K .......... .......... .......... .......... ..........  5%  129K 68s
   400K .......... .......... .......... .......... ..........  6%  135K 65s
   450K .......... .......... .......... .......... ..........  7%  135K 63s
   500K .......... .......... .......... .......... ..........  7%  349K 58s
   550K .......... .......... .......... .......... ..........  8%  150K 56s
   600K .......... .......... .......... .......... ..........  9%  157K 55s
   650K .......... .......... .......... .......... .......... 10%  400K 52s
   700K .......... .......... .......... .......... .......... 10%  186K 50s
   750K .......... .......... .......... .......... .......... 11%  440K 47s
   800K .......... .......... .......... .......... .......... 12%  247K 46s
   850K .......... .......... .......... .......... .......... 13%  328K 44s
   900K .......... .......... .......... .......... .......... 13%  243K 42s
   950K .......... .......... .......... .......... .......... 14%  280K 41s
  1000K .......... .......... .......... .......... .......... 15% 1.64M 39s
  1050K .......... .......... .......... .......... .......... 15%  239K 38s
  1100K .......... .......... .......... .......... .......... 16%  246K 37s
  1150K .......... .......... .......... .......... .......... 17% 2.98M 35s
  1200K .......... .......... .......... .......... .......... 18%  351K 34s
  1250K .......... .......... .......... .......... .......... 18%  465K 33s
  1300K .......... .......... .......... .......... .......... 19%  321K 32s
  1350K .......... .......... .......... .......... .......... 20%  523K 31s
  1400K .......... .......... .......... .......... .......... 20%  281K 30s
  1450K .......... .......... .......... .......... .......... 21%  573K 29s
  1500K .......... .......... .......... .......... .......... 22%  488K 29s
  1550K .......... .......... .......... .......... .......... 23% 1017K 28s
  1600K .......... .......... .......... .......... .......... 23%  291K 27s
  1650K .......... .......... .......... .......... .......... 24% 1.54M 26s
  1700K .......... .......... .......... .......... .......... 25%  490K 25s
  1750K .......... .......... .......... .......... .......... 26%  333K 25s
  1800K .......... .......... .......... .......... .......... 26%  662K 24s
  1850K .......... .......... .......... .......... .......... 27%  400K 24s
  1900K .......... .......... .......... .......... .......... 28%  583K 23s
  1950K .......... .......... .......... .......... .......... 28%  525K 22s
  2000K .......... .......... .......... .......... .......... 29%  628K 22s
  2050K .......... .......... .......... .......... .......... 30% 1.17M 21s
  2100K .......... .......... .......... .......... .......... 31%  234K 21s
  2150K .......... .......... .......... .......... .......... 31%  530K 21s
  2200K .......... .......... .......... .......... .......... 32%  413K 20s
  2250K .......... .......... .......... .......... .......... 33%  452K 20s
  2300K .......... .......... .......... .......... .......... 33%  436K 19s
  2350K .......... .......... .......... .......... .......... 34%  885K 19s
  2400K .......... .......... .......... .......... .......... 35%  738K 18s
  2450K .......... .......... .......... .......... .......... 36%  307K 18s
  2500K .......... .......... .......... .......... .......... 36%  696K 18s
  2550K .......... .......... .......... .......... .......... 37% 1.05M 17s
  2600K .......... .......... .......... .......... .......... 38%  934K 17s
  2650K .......... .......... .......... .......... .......... 39% 1.54M 16s
  2700K .......... .......... .......... .......... .......... 39% 1.12M 16s
  2750K .......... .......... .......... .......... .......... 40% 1.41M 15s
  2800K .......... .......... .......... .......... .......... 41% 1.44M 15s
  2850K .......... .......... .......... .......... .......... 41%  351K 15s
  2900K .......... .......... .......... .......... .......... 42%  658K 14s
  2950K .......... .......... .......... .......... .......... 43%  294K 14s
  3000K .......... .......... .......... .......... .......... 44%  593K 14s
  3050K .......... .......... .......... .......... .......... 44%  347K 14s
  3100K .......... .......... .......... .......... .......... 45%  689K 13s
  3150K .......... .......... .......... .......... .......... 46%  706K 13s
  3200K .......... .......... .......... .......... .......... 47%  320K 13s
  3250K .......... .......... .......... .......... .......... 47%  492K 13s
  3300K .......... .......... .......... .......... .......... 48%  539K 12s
  3350K .......... .......... .......... .......... .......... 49%  426K 12s
  3400K .......... .......... .......... .......... .......... 49%  314K 12s
  3450K .......... .......... .......... .......... .......... 50%  541K 12s
  3500K .......... .......... .......... .......... .......... 51%  208K 12s
  3550K .......... .......... .......... .......... .......... 52% 1.37M 11s
  3600K .......... .......... .......... .......... .......... 52%  527K 11s
  3650K .......... .......... .......... .......... .......... 53%  582K 11s
  3700K .......... .......... .......... .......... .......... 54%  485K 11s
  3750K .......... .......... .......... .......... .......... 54% 1.32M 10s
  3800K .......... .......... .......... .......... .......... 55% 1.10M 10s
  3850K .......... .......... .......... .......... .......... 56%  719K 10s
  3900K .......... .......... .......... .......... .......... 57%  497K 10s
  3950K .......... .......... .......... .......... .......... 57%  357K 9s
  4000K .......... .......... .......... .......... .......... 58%  640K 9s
  4050K .......... .......... .......... .......... .......... 59%  877K 9s
  4100K .......... .......... .......... .......... .......... 60%  382K 9s
  4150K .......... .......... .......... .......... .......... 60%  524K 9s
  4200K .......... .......... .......... .......... .......... 61% 2.04M 8s
  4250K .......... .......... .......... .......... .......... 62%  891K 8s
  4300K .......... .......... .......... .......... .......... 62% 1.08M 8s
  4350K .......... .......... .......... .......... .......... 63% 1.26M 8s
  4400K .......... .......... .......... .......... .......... 64%  939K 7s
  4450K .......... .......... .......... .......... .......... 65%  325K 7s
  4500K .......... .......... .......... .......... .......... 65%  508K 7s
  4550K .......... .......... .......... .......... .......... 66%  577K 7s
  4600K .......... .......... .......... .......... .......... 67%  499K 7s
  4650K .......... .......... .......... .......... .......... 67%  882K 7s
  4700K .......... .......... .......... .......... .......... 68% 1.28M 6s
  4750K .......... .......... .......... .......... .......... 69%  679K 6s
  4800K .......... .......... .......... .......... .......... 70%  936K 6s
  4850K .......... .......... .......... .......... .......... 70%  406K 6s
  4900K .......... .......... .......... .......... .......... 71%  656K 6s
  4950K .......... .......... .......... .......... .......... 72%  454K 6s
  5000K .......... .......... .......... .......... .......... 73%  782K 5s
  5050K .......... .......... .......... .......... .......... 73% 1.22M 5s
  5100K .......... .......... .......... .......... .......... 74%  586K 5s
  5150K .......... .......... .......... .......... .......... 75%  530K 5s
  5200K .......... .......... .......... .......... .......... 75%  522K 5s
  5250K .......... .......... .......... .......... .......... 76%  580K 5s
  5300K .......... .......... .......... .......... .......... 77% 1.55M 4s
  5350K .......... .......... .......... .......... .......... 78% 1.66M 4s
  5400K .......... .......... .......... .......... .......... 78% 1.44M 4s
  5450K .......... .......... .......... .......... .......... 79% 1.18M 4s
  5500K .......... .......... .......... .......... .......... 80% 1.39M 4s
  5550K .......... .......... .......... .......... .......... 81% 1.59M 4s
  5600K .......... .......... .......... .......... .......... 81%  984K 3s
  5650K .......... .......... .......... .......... .......... 82% 1.06M 3s
  5700K .......... .......... .......... .......... .......... 83%  605K 3s
  5750K .......... .......... .......... .......... .......... 83% 2.17M 3s
  5800K .......... .......... .......... .......... .......... 84% 1.60M 3s
  5850K .......... .......... .......... .......... .......... 85% 1.07M 3s
  5900K .......... .......... .......... .......... .......... 86% 2.07M 3s
  5950K .......... .......... .......... .......... .......... 86% 1.53M 2s
  6000K .......... .......... .......... .......... .......... 87% 1.37M 2s
  6050K .......... .......... .......... .......... .......... 88% 1.42M 2s
  6100K .......... .......... .......... .......... .......... 88% 1.57M 2s
  6150K .......... .......... .......... .......... .......... 89% 1.71M 2s
  6200K .......... .......... .......... .......... .......... 90% 1.28M 2s
  6250K .......... .......... .......... .......... .......... 91%  975K 2s
  6300K .......... .......... .......... .......... .......... 91%  935K 1s
  6350K .......... .......... .......... .......... .......... 92%  609K 1s
  6400K .......... .......... .......... .......... .......... 93%  920K 1s
  6450K .......... .......... .......... .......... .......... 94%  524K 1s
  6500K .......... .......... .......... .......... .......... 94%  753K 1s
  6550K .......... .......... .......... .......... .......... 95%  446K 1s
  6600K .......... .......... .......... .......... .......... 96%  712K 1s
  6650K .......... .......... .......... .......... .......... 96%  340K 1s
  6700K .......... .......... .......... .......... .......... 97% 1.20M 0s
  6750K .......... .......... .......... .......... .......... 98% 1.48M 0s
  6800K .......... .......... .......... .......... .......... 99%  946K 0s
  6850K .......... .......... .......... .......... .......... 99% 1.01M 0s
  6900K .......... ..                                         100% 2.70M=17s

2026-05-31 17:00:11 (417 KB/s) - ‘data/expression_raw/GSE261482/GSE261482_Counts_raw_data.csv.gz’ saved [7078905/7078905]

